// Jest Snapshot v1, https://goo.gl/fbAQLP

exports[`AadhaarConfirm Screen UI Testing testing UI rendering 1`] = `
<RCTSafeAreaView
  emulateUnlessSupported={true}
  style={
    Object {
      "backgroundColor": "white",
      "height": "100%",
    }
  }
>
  <View
    collapsable={false}
    style={
      Object {
        "backgroundColor": "#4E46F1",
        "shadowColor": "#000",
        "shadowOffset": Object {
          "height": 2,
          "width": 0,
        },
        "shadowOpacity": 0.23,
        "shadowRadius": 2.62,
        "zIndex": 4,
      }
    }
  >
    <View
      style={
        Array [
          Object {
            "alignItems": "center",
            "flexDirection": "row",
            "height": 44,
            "justifyContent": "space-between",
            "paddingHorizontal": 16,
          },
          undefined,
        ]
      }
    >
      <View
        style={
          Array [
            Object {
              "marginEnd": 20,
              "marginStart": -12,
            },
            undefined,
          ]
        }
      >
        <View
          style={
            Array [
              Object {
                "borderRadius": 24,
                "height": 48,
                "overflow": "hidden",
                "width": 48,
              },
              undefined,
            ]
          }
          testID="backIcon"
        >
          <View
            accessible={true}
            collapsable={false}
            focusable={true}
            onBlur={[Function]}
            onClick={[Function]}
            onFocus={[Function]}
            onLayout={[Function]}
            onMouseEnter={[Function]}
            onMouseLeave={[Function]}
            onResponderGrant={[Function]}
            onResponderMove={[Function]}
            onResponderRelease={[Function]}
            onResponderTerminate={[Function]}
            onResponderTerminationRequest={[Function]}
            onStartShouldSetResponder={[Function]}
            style={
              Array [
                Object {
                  "bottom": 0,
                  "left": 0,
                  "position": "absolute",
                  "right": 0,
                  "top": 0,
                },
                Object {
                  "alignItems": "center",
                  "justifyContent": "center",
                },
                undefined,
              ]
            }
          >
            <View
              style={
                Array [
                  Object {
                    "bottom": 0,
                    "left": 0,
                    "position": "absolute",
                    "right": 0,
                    "top": 0,
                  },
                  Object {
                    "backgroundColor": "transparent",
                  },
                  Object {
                    "transition": "background-color 250ms cubic-bezier(0.4, 0, 0.2, 1) 0ms",
                  },
                ]
              }
            />
            <Text />
          </View>
        </View>
      </View>
      <View
        style={
          Array [
            Object {
              "flex": 1,
              "justifyContent": "center",
            },
            undefined,
          ]
        }
      >
        <Text
          style={
            Array [
              Object {
                "fontSize": 20,
                "fontWeight": "500",
                "letterSpacing": 0.15,
              },
              Object {
                "color": "#000000",
              },
              Array [
                Object {
                  "color": "#FFFFFF",
                },
                undefined,
              ],
            ]
          }
        >
          Aadhaar Data Confirmation
        </Text>
      </View>
    </View>
  </View>
  <View
    style={
      Object {
        "marginTop": 20,
      }
    }
  >
    <View
      style={
        Array [
          Object {
            "backgroundColor": "rgba(1,0,0,0)",
          },
          Object {
            "flexDirection": "column",
          },
        ]
      }
    >
      <View
        onLayout={[Function]}
        style={
          Array [
            Object {
              "alignItems": "center",
              "backgroundColor": "rgba(1,0,0,0)",
              "flexDirection": "row",
              "justifyContent": "space-around",
            },
            Object {
              "flexDirection": "row",
              "height": 40,
            },
          ]
        }
      >
        <View
          accessible={true}
          focusable={true}
          onClick={[Function]}
          onResponderGrant={[Function]}
          onResponderMove={[Function]}
          onResponderRelease={[Function]}
          onResponderTerminate={[Function]}
          onResponderTerminationRequest={[Function]}
          onStartShouldSetResponder={[Function]}
          style={
            Array [
              Object {
                "alignItems": "center",
                "flex": 1,
                "flexDirection": "row",
                "justifyContent": "center",
              },
              Object {
                "flexDirection": "row",
              },
            ]
          }
        >
          <View
            collapsable={false}
            style={
              Object {
                "alignItems": "center",
                "backgroundColor": "#4aae4f",
                "borderColor": "#4aae4f",
                "borderRadius": 15,
                "borderWidth": 0,
                "height": 30,
                "justifyContent": "center",
                "overflow": "hidden",
                "width": 30,
                "zIndex": 2,
              }
            }
          >
            <Text />
          </View>
        </View>
        <View
          accessible={true}
          focusable={true}
          onClick={[Function]}
          onResponderGrant={[Function]}
          onResponderMove={[Function]}
          onResponderRelease={[Function]}
          onResponderTerminate={[Function]}
          onResponderTerminationRequest={[Function]}
          onStartShouldSetResponder={[Function]}
          style={
            Array [
              Object {
                "alignItems": "center",
                "flex": 1,
                "flexDirection": "row",
                "justifyContent": "center",
              },
              Object {
                "flexDirection": "row",
              },
            ]
          }
        >
          <View
            collapsable={false}
            style={
              Object {
                "alignItems": "center",
                "backgroundColor": "#ffffff",
                "borderColor": "#4aae4f",
                "borderRadius": 15,
                "borderWidth": 5,
                "height": 30,
                "justifyContent": "center",
                "overflow": "hidden",
                "width": 30,
                "zIndex": 2,
              }
            }
          >
            <Text />
          </View>
        </View>
        <View
          accessible={true}
          focusable={true}
          onClick={[Function]}
          onResponderGrant={[Function]}
          onResponderMove={[Function]}
          onResponderRelease={[Function]}
          onResponderTerminate={[Function]}
          onResponderTerminationRequest={[Function]}
          onStartShouldSetResponder={[Function]}
          style={
            Array [
              Object {
                "alignItems": "center",
                "flex": 1,
                "flexDirection": "row",
                "justifyContent": "center",
              },
              Object {
                "flexDirection": "row",
              },
            ]
          }
        >
          <View
            collapsable={false}
            style={
              Object {
                "alignItems": "center",
                "backgroundColor": "#a4d4a5",
                "borderColor": "#4aae4f",
                "borderRadius": 15,
                "borderWidth": 0,
                "height": 30,
                "justifyContent": "center",
                "overflow": "hidden",
                "width": 30,
                "zIndex": 2,
              }
            }
          >
            <Text />
          </View>
        </View>
        <View
          accessible={true}
          focusable={true}
          onClick={[Function]}
          onResponderGrant={[Function]}
          onResponderMove={[Function]}
          onResponderRelease={[Function]}
          onResponderTerminate={[Function]}
          onResponderTerminationRequest={[Function]}
          onStartShouldSetResponder={[Function]}
          style={
            Array [
              Object {
                "alignItems": "center",
                "flex": 1,
                "flexDirection": "row",
                "justifyContent": "center",
              },
              Object {
                "flexDirection": "row",
              },
            ]
          }
        >
          <View
            collapsable={false}
            style={
              Object {
                "alignItems": "center",
                "backgroundColor": "#a4d4a5",
                "borderColor": "#4aae4f",
                "borderRadius": 15,
                "borderWidth": 0,
                "height": 30,
                "justifyContent": "center",
                "overflow": "hidden",
                "width": 30,
                "zIndex": 2,
              }
            }
          >
            <Text />
          </View>
        </View>
        <View
          accessible={true}
          focusable={true}
          onClick={[Function]}
          onResponderGrant={[Function]}
          onResponderMove={[Function]}
          onResponderRelease={[Function]}
          onResponderTerminate={[Function]}
          onResponderTerminationRequest={[Function]}
          onStartShouldSetResponder={[Function]}
          style={
            Array [
              Object {
                "alignItems": "center",
                "flex": 1,
                "flexDirection": "row",
                "justifyContent": "center",
              },
              Object {
                "flexDirection": "row",
              },
            ]
          }
        >
          <View
            collapsable={false}
            style={
              Object {
                "alignItems": "center",
                "backgroundColor": "#a4d4a5",
                "borderColor": "#4aae4f",
                "borderRadius": 15,
                "borderWidth": 0,
                "height": 30,
                "justifyContent": "center",
                "overflow": "hidden",
                "width": 30,
                "zIndex": 2,
              }
            }
          >
            <Text />
          </View>
        </View>
        <View
          accessible={true}
          focusable={true}
          onClick={[Function]}
          onResponderGrant={[Function]}
          onResponderMove={[Function]}
          onResponderRelease={[Function]}
          onResponderTerminate={[Function]}
          onResponderTerminationRequest={[Function]}
          onStartShouldSetResponder={[Function]}
          style={
            Array [
              Object {
                "alignItems": "center",
                "flex": 1,
                "flexDirection": "row",
                "justifyContent": "center",
              },
              Object {
                "flexDirection": "row",
              },
            ]
          }
        >
          <View
            collapsable={false}
            style={
              Object {
                "alignItems": "center",
                "backgroundColor": "#a4d4a5",
                "borderColor": "#4aae4f",
                "borderRadius": 15,
                "borderWidth": 0,
                "height": 30,
                "justifyContent": "center",
                "overflow": "hidden",
                "width": 30,
                "zIndex": 2,
              }
            }
          >
            <Text />
          </View>
        </View>
      </View>
      <View
        style={
          Array [
            Object {
              "justifyContent": "space-around",
            },
            Object {
              "flexDirection": "row",
              "paddingVertical": 4,
            },
            Object {
              "alignItems": "center",
            },
          ]
        }
      >
        <View
          accessible={true}
          focusable={true}
          onClick={[Function]}
          onResponderGrant={[Function]}
          onResponderMove={[Function]}
          onResponderRelease={[Function]}
          onResponderTerminate={[Function]}
          onResponderTerminationRequest={[Function]}
          onStartShouldSetResponder={[Function]}
          style={
            Object {
              "alignItems": "center",
              "flex": 1,
              "justifyContent": "center",
            }
          }
        >
          <Text
            style={
              Array [
                Object {
                  "fontSize": 12,
                  "fontWeight": "500",
                  "textAlign": "center",
                },
                Object {
                  "color": "#000000",
                },
                Object {
                  "fontFamily": undefined,
                  "fontSize": 13,
                },
              ]
            }
          >
            Mobile Number
          </Text>
        </View>
        <View
          accessible={true}
          focusable={true}
          onClick={[Function]}
          onResponderGrant={[Function]}
          onResponderMove={[Function]}
          onResponderRelease={[Function]}
          onResponderTerminate={[Function]}
          onResponderTerminationRequest={[Function]}
          onStartShouldSetResponder={[Function]}
          style={
            Object {
              "alignItems": "center",
              "flex": 1,
              "justifyContent": "center",
            }
          }
        >
          <Text
            style={
              Array [
                Object {
                  "fontSize": 12,
                  "fontWeight": "500",
                  "textAlign": "center",
                },
                Object {
                  "color": "#4aae4f",
                },
                Object {
                  "fontFamily": undefined,
                  "fontSize": 13,
                },
              ]
            }
          >
            Aadhaar Card
          </Text>
        </View>
        <View
          accessible={true}
          focusable={true}
          onClick={[Function]}
          onResponderGrant={[Function]}
          onResponderMove={[Function]}
          onResponderRelease={[Function]}
          onResponderTerminate={[Function]}
          onResponderTerminationRequest={[Function]}
          onStartShouldSetResponder={[Function]}
          style={
            Object {
              "alignItems": "center",
              "flex": 1,
              "justifyContent": "center",
            }
          }
        >
          <Text
            style={
              Array [
                Object {
                  "fontSize": 12,
                  "fontWeight": "500",
                  "textAlign": "center",
                },
                Object {
                  "color": "#000000",
                },
                Object {
                  "fontFamily": undefined,
                  "fontSize": 13,
                },
              ]
            }
          >
            PAN Card
          </Text>
        </View>
        <View
          accessible={true}
          focusable={true}
          onClick={[Function]}
          onResponderGrant={[Function]}
          onResponderMove={[Function]}
          onResponderRelease={[Function]}
          onResponderTerminate={[Function]}
          onResponderTerminationRequest={[Function]}
          onStartShouldSetResponder={[Function]}
          style={
            Object {
              "alignItems": "center",
              "flex": 1,
              "justifyContent": "center",
            }
          }
        >
          <Text
            style={
              Array [
                Object {
                  "fontSize": 12,
                  "fontWeight": "500",
                  "textAlign": "center",
                },
                Object {
                  "color": "#000000",
                },
                Object {
                  "fontFamily": undefined,
                  "fontSize": 13,
                },
              ]
            }
          >
            Bank Account
          </Text>
        </View>
        <View
          accessible={true}
          focusable={true}
          onClick={[Function]}
          onResponderGrant={[Function]}
          onResponderMove={[Function]}
          onResponderRelease={[Function]}
          onResponderTerminate={[Function]}
          onResponderTerminationRequest={[Function]}
          onStartShouldSetResponder={[Function]}
          style={
            Object {
              "alignItems": "center",
              "flex": 1,
              "justifyContent": "center",
            }
          }
        >
          <Text
            style={
              Array [
                Object {
                  "fontSize": 12,
                  "fontWeight": "500",
                  "textAlign": "center",
                },
                Object {
                  "color": "#000000",
                },
                Object {
                  "fontFamily": undefined,
                  "fontSize": 13,
                },
              ]
            }
          >
            Profile
          </Text>
        </View>
        <View
          accessible={true}
          focusable={true}
          onClick={[Function]}
          onResponderGrant={[Function]}
          onResponderMove={[Function]}
          onResponderRelease={[Function]}
          onResponderTerminate={[Function]}
          onResponderTerminationRequest={[Function]}
          onStartShouldSetResponder={[Function]}
          style={
            Object {
              "alignItems": "center",
              "flex": 1,
              "justifyContent": "center",
            }
          }
        >
          <Text
            style={
              Array [
                Object {
                  "fontSize": 12,
                  "fontWeight": "500",
                  "textAlign": "center",
                },
                Object {
                  "color": "#000000",
                },
                Object {
                  "fontFamily": undefined,
                  "fontSize": 13,
                },
              ]
            }
          >
            Photo
          </Text>
        </View>
      </View>
    </View>
  </View>
  <RCTScrollView
    keyboardShouldPersistTaps="handled"
  >
    <View>
      <View
        style={
          Object {
            "backgroundColor": "white",
            "height": "100%",
          }
        }
      >
        <Text
          style={
            Object {
              "alignSelf": "center",
              "color": "#230C45",
              "fontFamily": "Roboto",
              "fontSize": 16,
              "marginRight": 20,
              "marginTop": 20,
            }
          }
        >
          Are these your AADHAAR details ?
          

        </Text>
        <Text
          style={
            Object {
              "color": "#230C45",
              "fontFamily": "Roboto",
              "fontSize": 16,
              "marginLeft": 55,
              "marginTop": 10,
            }
          }
        >
          Number: 
          789456123010
        </Text>
        <Text
          style={
            Object {
              "color": "#230C45",
              "fontFamily": "Roboto",
              "fontSize": 16,
              "marginLeft": 55,
              "marginTop": 10,
            }
          }
        >
          Name: 
          Xyz garg
        </Text>
        <Text
          style={
            Object {
              "color": "#230C45",
              "fontFamily": "Roboto",
              "fontSize": 16,
              "marginLeft": 55,
              "marginTop": 10,
            }
          }
        >
          Date of Birth: 
        </Text>
        <Text
          style={
            Object {
              "color": "#230C45",
              "fontFamily": "Roboto",
              "fontSize": 16,
              "marginLeft": 55,
              "marginTop": 10,
            }
          }
        >
          Gender: 
        </Text>
        <View
          style={
            Object {
              "alignSelf": "center",
              "flex": 1,
              "flexDirection": "row",
              "justifyContent": "space-between",
            }
          }
        >
          <View
            collapsable={false}
            style={
              Object {
                "backgroundColor": "#EB5757",
                "borderBottomEndRadius": 4,
                "borderBottomStartRadius": 4,
                "borderTopEndRadius": 4,
                "borderTopStartRadius": 4,
                "fontSize": 20,
                "height": 60,
                "marginTop": 20,
                "padding": 10,
                "shadowColor": "#000",
                "shadowOffset": Object {
                  "height": 1,
                  "width": 0,
                },
                "shadowOpacity": 0.2,
                "shadowRadius": 1.41,
                "width": 150,
              }
            }
            type="solid"
          >
            <View
              style={
                Array [
                  Object {
                    "borderBottomEndRadius": 4,
                    "borderBottomStartRadius": 4,
                    "borderTopEndRadius": 4,
                    "borderTopStartRadius": 4,
                    "overflow": "hidden",
                  },
                  undefined,
                ]
              }
            >
              <View
                accessible={true}
                collapsable={false}
                focusable={true}
                onBlur={[Function]}
                onClick={[Function]}
                onFocus={[Function]}
                onLayout={[Function]}
                onMouseEnter={[Function]}
                onMouseLeave={[Function]}
                onResponderGrant={[Function]}
                onResponderMove={[Function]}
                onResponderRelease={[Function]}
                onResponderTerminate={[Function]}
                onResponderTerminationRequest={[Function]}
                onStartShouldSetResponder={[Function]}
                style={
                  Array [
                    Object {
                      "alignItems": "center",
                      "flexDirection": "row",
                      "height": 36,
                      "justifyContent": "center",
                      "minWidth": 64,
                      "paddingEnd": 16,
                      "paddingStart": 16,
                    },
                    undefined,
                  ]
                }
              >
                <View
                  style={
                    Array [
                      Object {
                        "bottom": 0,
                        "left": 0,
                        "position": "absolute",
                        "right": 0,
                        "top": 0,
                      },
                      Object {
                        "backgroundColor": "transparent",
                      },
                      Object {
                        "transition": "background-color 250ms cubic-bezier(0.4, 0, 0.2, 1) 0ms",
                      },
                    ]
                  }
                />
                <Text
                  selectable={false}
                  style={
                    Array [
                      Object {
                        "fontSize": 14,
                        "fontWeight": "500",
                        "letterSpacing": 1.25,
                        "textTransform": "uppercase",
                      },
                      Object {
                        "color": "#000000",
                      },
                      Array [
                        Object {
                          "color": "#000000",
                        },
                        Object {
                          "opacity": 1,
                          "textTransform": "none",
                        },
                        undefined,
                      ],
                    ]
                  }
                >
                  No
                </Text>
              </View>
            </View>
          </View>
          <View
            collapsable={false}
            style={
              Object {
                "backgroundColor": "#4E46F1",
                "borderBottomEndRadius": 4,
                "borderBottomStartRadius": 4,
                "borderTopEndRadius": 4,
                "borderTopStartRadius": 4,
                "fontSize": 20,
                "height": 60,
                "marginLeft": 40,
                "marginTop": 20,
                "padding": 10,
                "shadowColor": "#000",
                "shadowOffset": Object {
                  "height": 1,
                  "width": 0,
                },
                "shadowOpacity": 0.2,
                "shadowRadius": 1.41,
                "width": 150,
              }
            }
            testID="YesButton"
            type="solid"
          >
            <View
              style={
                Array [
                  Object {
                    "borderBottomEndRadius": 4,
                    "borderBottomStartRadius": 4,
                    "borderTopEndRadius": 4,
                    "borderTopStartRadius": 4,
                    "overflow": "hidden",
                  },
                  undefined,
                ]
              }
            >
              <View
                accessible={true}
                collapsable={false}
                focusable={true}
                onBlur={[Function]}
                onClick={[Function]}
                onFocus={[Function]}
                onLayout={[Function]}
                onMouseEnter={[Function]}
                onMouseLeave={[Function]}
                onResponderGrant={[Function]}
                onResponderMove={[Function]}
                onResponderRelease={[Function]}
                onResponderTerminate={[Function]}
                onResponderTerminationRequest={[Function]}
                onStartShouldSetResponder={[Function]}
                style={
                  Array [
                    Object {
                      "alignItems": "center",
                      "flexDirection": "row",
                      "height": 36,
                      "justifyContent": "center",
                      "minWidth": 64,
                      "paddingEnd": 16,
                      "paddingStart": 16,
                    },
                    undefined,
                  ]
                }
              >
                <View
                  style={
                    Array [
                      Object {
                        "bottom": 0,
                        "left": 0,
                        "position": "absolute",
                        "right": 0,
                        "top": 0,
                      },
                      Object {
                        "backgroundColor": "transparent",
                      },
                      Object {
                        "transition": "background-color 250ms cubic-bezier(0.4, 0, 0.2, 1) 0ms",
                      },
                    ]
                  }
                />
                <Text
                  selectable={false}
                  style={
                    Array [
                      Object {
                        "fontSize": 14,
                        "fontWeight": "500",
                        "letterSpacing": 1.25,
                        "textTransform": "uppercase",
                      },
                      Object {
                        "color": "#000000",
                      },
                      Array [
                        Object {
                          "color": "#FFFFFF",
                        },
                        Object {
                          "opacity": 1,
                          "textTransform": "none",
                        },
                        undefined,
                      ],
                    ]
                  }
                >
                  Yes
                </Text>
              </View>
            </View>
          </View>
          <View
            style={
              Object {
                "marginTop": 30,
              }
            }
          />
        </View>
      </View>
    </View>
  </RCTScrollView>
</RCTSafeAreaView>
`;
