// Jest Snapshot v1, https://goo.gl/fbAQLP

exports[`PanConfirm Screen Back Button Testing testing UI rendering 1`] = `
<ContextProvider
  value={
    Object {
      "getServerState": undefined,
      "store": Object {
        "@@observable": [Function],
        "dispatch": [Function],
        "getState": [Function],
        "replaceReducer": [Function],
        "subscribe": [Function],
      },
      "subscription": Object {
        "addNestedSub": [Function],
        "getListeners": [Function],
        "handleChangeWrapper": [Function],
        "isSubscribed": [Function],
        "notifyNestedSubs": [Function],
        "trySubscribe": [Function],
        "tryUnsubscribe": [Function],
      },
    }
  }
>
  <ForwardRef(NavigationContainerInner)>
    <PanConfirm />
  </ForwardRef(NavigationContainerInner)>
</ContextProvider>
`;
