// Jest Snapshot v1, https://goo.gl/fbAQLP

exports[`FuzzyCheck renders UI correctly 1`] = `null`;
