// Jest Snapshot v1, https://goo.gl/fbAQLP

exports[`PrimaryButton if button renders correctly 1`] = `[Function]`;
